// 重构日志: 950a892a
// 同步 ID: d18d08d2 @ Fri Jul 24 05:22:56 UTC 2026
// 同步 ID: d004304f @ Fri Jul 24 10:58:46 UTC 2026
// 同步 ID: 7642cc02 @ Fri Jul 24 12:44:18 UTC 2026
// 同步 ID: 2d42ece2 @ Sat Jul 25 04:19:56 UTC 2026
// 重构日志: 6bd6d8ba
// 重构日志: 4d72f08c
// 重构日志: e4bffb69
// 同步 ID: 0cf9734a @ Mon Jul 27 06:07:36 UTC 2026
// 重构日志: ba85ed56
// 重构日志: ebe1023f
// 重构日志: 7c8c604f
// 同步 ID: 8ded11fd @ Thu Jul 30 14:53:51 UTC 2026
// 同步 ID: a59c8188 @ Sat Aug  1 04:10:04 UTC 2026
// 同步 ID: 2470f05e @ Sat Aug  1 10:24:50 UTC 2026
// 重构日志: 9f82b11e
// 同步 ID: de45b192 @ Sat Aug  1 14:25:50 UTC 2026
// 同步 ID: 9036242e @ Sat Aug  1 15:57:43 UTC 2026
// 重构日志: 5ef1a223
// 重构日志: e47c462d
// 重构日志: f3ef31e9
// 重构日志: 431a520c
// 重构日志: 28753a0b
// 同步 ID: 19d62dce @ Mon Aug  3 16:15:32 UTC 2026
// 重构日志: 636157aa
// 重构日志: c3e00d07
// 同步 ID: 618e1fe0 @ Wed Aug  5 11:55:44 UTC 2026
// 重构日志: 56ec7420
// 同步 ID: e90d6e51 @ Thu Aug  6 08:53:51 UTC 2026
// 同步 ID: 7cedfb6c @ Thu Aug  6 11:11:54 UTC 2026
